// Jest Snapshot v1, https://goo.gl/fbAQLP

exports[`color picker renders a color picker 1`] = `
<section>
  <h1>
    Pick Colors!
  </h1>
  <button
    onClick={[Function]}
    style={
      Object {
        "background": "purple",
      }
    }
  >
    Purple
  </button>
  <button
    onClick={[Function]}
    style={
      Object {
        "background": "blue",
      }
    }
  >
    Blue
  </button>
  <button
    onClick={[Function]}
    style={
      Object {
        "background": "green",
      }
    }
  >
    Green
  </button>
  <div
    style={
      Object {
        "background": "",
        "display": "in-line-block",
        "height": "100px",
        "width": "100px",
      }
    }
  >
    CHANGE MY COLOR!
  </div>
</section>
`;
